

*******************************************************************************
Thu Sep 24 14:16:23 2026


FIT:    data read from 'consul_usl_data.dat' using 1:2
        format = x:z
        #datapoints = 10
        residuals are weighted equally (unit weight)

function used for fitting: X(x)
	X(N) = (gamma * N) / (1.0 + sigma * (N - 1.0) + kappa * N * (N - 1.0))
fitted parameters initialized with current variable values

iter      chisq       delta/lim  lambda   gamma         sigma         kappa        
   0 3.8539244393e+09   0.00e+00  4.62e+03    1.000000e+03   5.000000e-02   5.000000e-04
   7 5.6061851444e+07  -1.96e-01  4.62e-04    1.359663e+04   4.224976e-01   3.989820e-04

After 7 iterations the fit converged.
final sum of squares of residuals : 5.60619e+07
rel. change during last iteration : -1.95682e-06

degrees of freedom    (FIT_NDF)                        : 7
rms of residuals      (FIT_STDFIT) = sqrt(WSSR/ndf)    : 2829.99
variance of residuals (reduced chisquare) = WSSR/ndf   : 8.00884e+06

Final set of parameters            Asymptotic Standard Error
=======================            ==========================
gamma           = 13596.6          +/- 1880         (13.82%)
sigma           = 0.422498         +/- 0.07782      (18.42%)
kappa           = 0.000398982      +/- 0.0002285    (57.27%)

correlation matrix of the fit parameters:
                gamma  sigma  kappa  
gamma           1.000 
sigma           0.938  1.000 
kappa          -0.108 -0.354  1.000 
